Component: ARM Compiler 5.06 update 6 (build 750) Tool: armlink [4d35ed]

==============================================================================

Section Cross References

    demo.o(i.PORTD_IRQHandler) refers to demo.o(i.__NVIC_ClearPendingIRQ) for __NVIC_ClearPendingIRQ
    demo.o(i.PORTD_IRQHandler) refers to demo.o(.data) for on_off
    demo.o(i.initSwitch) refers to demo.o(i.__NVIC_SetPriority) for __NVIC_SetPriority
    demo.o(i.initSwitch) refers to demo.o(i.__NVIC_ClearPendingIRQ) for __NVIC_ClearPendingIRQ
    demo.o(i.main) refers to system_mkl25z4.o(i.SystemCoreClockUpdate) for SystemCoreClockUpdate
    demo.o(i.main) refers to demo.o(i.initSwitch) for initSwitch
    demo.o(i.main) refers to demo.o(i.initGPIO) for initGPIO
    demo.o(i.main) refers to demo.o(i.initPWM) for initPWM
    demo.o(i.main) refers to demo.o(i.motor_control) for motor_control
    demo.o(i.main) refers to demo.o(.data) for on_off
    demo.o(i.motor_control) refers to dfltui.o(.text) for __aeabi_ui2d
    demo.o(i.motor_control) refers to dmul.o(.text) for __aeabi_dmul
    demo.o(i.motor_control) refers to dfixui.o(.text) for __aeabi_d2uiz
    startup_mkl25z4.o(RESET) refers to startup_mkl25z4.o(STACK) for __initial_sp
    startup_mkl25z4.o(RESET) refers to startup_mkl25z4.o(.text) for Reset_Handler
    startup_mkl25z4.o(RESET) refers to demo.o(i.PORTD_IRQHandler) for PORTD_IRQHandler
    startup_mkl25z4.o(.text) refers to system_mkl25z4.o(i.SystemInit) for SystemInit
    startup_mkl25z4.o(.text) refers to entry.o(.ARM.Collect$$$$00000000) for __main
    system_mkl25z4.o(i.SystemCoreClockUpdate) refers to uidiv.o(.text) for __aeabi_uidivmod
    system_mkl25z4.o(i.SystemCoreClockUpdate) refers to system_mkl25z4.o(i.__ARM_common_switch8) for __ARM_common_switch8
    system_mkl25z4.o(i.SystemCoreClockUpdate) refers to system_mkl25z4.o(.data) for SystemCoreClock
    entry.o(.ARM.Collect$$$$00000000) refers (Special) to entry10a.o(.ARM.Collect$$$$0000000D) for __rt_final_cpp
    entry.o(.ARM.Collect$$$$00000000) refers (Special) to entry11a.o(.ARM.Collect$$$$0000000F) for __rt_final_exit
    entry.o(.ARM.Collect$$$$00000000) refers (Special) to entry7b.o(.ARM.Collect$$$$00000008) for _main_clock
    entry.o(.ARM.Collect$$$$00000000) refers (Special) to entry8b.o(.ARM.Collect$$$$0000000A) for _main_cpp_init
    entry.o(.ARM.Collect$$$$00000000) refers (Special) to entry9a.o(.ARM.Collect$$$$0000000B) for _main_init
    entry.o(.ARM.Collect$$$$00000000) refers (Special) to entry5.o(.ARM.Collect$$$$00000004) for _main_scatterload
    entry.o(.ARM.Collect$$$$00000000) refers (Special) to entry2.o(.ARM.Collect$$$$00000001) for _main_stk
    dmul.o(.text) refers (Special) to iusefp.o(.text) for __I$use$fp
    dmul.o(.text) refers to depilogue.o(.text) for _double_epilogue
    dfltui.o(.text) refers (Special) to iusefp.o(.text) for __I$use$fp
    dfltui.o(.text) refers to depilogue.o(.text) for _double_epilogue
    dfixui.o(.text) refers (Special) to iusefp.o(.text) for __I$use$fp
    dfixui.o(.text) refers to llushr.o(.text) for __aeabi_llsr
    entry2.o(.ARM.Collect$$$$00000001) refers to entry2.o(.ARM.Collect$$$$00002712) for __lit__00000000
    entry2.o(.ARM.Collect$$$$00002712) refers to startup_mkl25z4.o(STACK) for __initial_sp
    entry2.o(__vectab_stack_and_reset_area) refers to startup_mkl25z4.o(STACK) for __initial_sp
    entry2.o(__vectab_stack_and_reset_area) refers to entry.o(.ARM.Collect$$$$00000000) for __main
    entry5.o(.ARM.Collect$$$$00000004) refers to init.o(.text) for __scatterload
    entry9a.o(.ARM.Collect$$$$0000000B) refers to demo.o(i.main) for main
    entry9b.o(.ARM.Collect$$$$0000000C) refers to demo.o(i.main) for main
    depilogue.o(.text) refers to depilogue.o(i.__ARM_clz) for __ARM_clz
    depilogue.o(.text) refers to llshl.o(.text) for __aeabi_llsl
    depilogue.o(.text) refers to llushr.o(.text) for __aeabi_llsr
    init.o(.text) refers to entry5.o(.ARM.Collect$$$$00000004) for __main_after_scatterload


==============================================================================

Removing Unused input sections from the image.

    Removing demo.o(.rev16_text), (4 bytes).
    Removing demo.o(.revsh_text), (4 bytes).
    Removing demo.o(i.delay), (20 bytes).
    Removing startup_mkl25z4.o(HEAP), (0 bytes).
    Removing system_mkl25z4.o(.rev16_text), (4 bytes).
    Removing system_mkl25z4.o(.revsh_text), (4 bytes).

6 unused section(s) (total 36 bytes) removed from the image.

==============================================================================

Image Symbol Table

    Local Symbols

    Symbol Name                              Value     Ov Type        Size  Object(Section)

    RESET                                    0x00000000   Section      192  startup_mkl25z4.o(RESET)
    ../clib/microlib/division.c              0x00000000   Number         0  uidiv.o ABSOLUTE
    ../clib/microlib/init/entry.s            0x00000000   Number         0  entry7a.o ABSOLUTE
    ../clib/microlib/init/entry.s            0x00000000   Number         0  entry9b.o ABSOLUTE
    ../clib/microlib/init/entry.s            0x00000000   Number         0  entry11b.o ABSOLUTE
    ../clib/microlib/init/entry.s            0x00000000   Number         0  entry9a.o ABSOLUTE
    ../clib/microlib/init/entry.s            0x00000000   Number         0  entry8b.o ABSOLUTE
    ../clib/microlib/init/entry.s            0x00000000   Number         0  entry2.o ABSOLUTE
    ../clib/microlib/init/entry.s            0x00000000   Number         0  entry8a.o ABSOLUTE
    ../clib/microlib/init/entry.s            0x00000000   Number         0  entry7b.o ABSOLUTE
    ../clib/microlib/init/entry.s            0x00000000   Number         0  entry11a.o ABSOLUTE
    ../clib/microlib/init/entry.s            0x00000000   Number         0  entry10b.o ABSOLUTE
    ../clib/microlib/init/entry.s            0x00000000   Number         0  entry5.o ABSOLUTE
    ../clib/microlib/init/entry.s            0x00000000   Number         0  entry10a.o ABSOLUTE
    ../clib/microlib/init/entry.s            0x00000000   Number         0  entry.o ABSOLUTE
    ../clib/microlib/longlong.c              0x00000000   Number         0  llushr.o ABSOLUTE
    ../clib/microlib/longlong.c              0x00000000   Number         0  llshl.o ABSOLUTE
    ../clib/microlib/stubs.s                 0x00000000   Number         0  iusefp.o ABSOLUTE
    ../fplib/microlib/fpepilogue.c           0x00000000   Number         0  depilogue.o ABSOLUTE
    ../fplib/microlib/fpfix.c                0x00000000   Number         0  dfixui.o ABSOLUTE
    ../fplib/microlib/fpflt.c                0x00000000   Number         0  dfltui.o ABSOLUTE
    ../fplib/microlib/fpmul.c                0x00000000   Number         0  dmul.o ABSOLUTE
    DEMO.c                                   0x00000000   Number         0  demo.o ABSOLUTE
    DEMO.c                                   0x00000000   Number         0  demo.o ABSOLUTE
    RTE\Device\MKL25Z128xxx4\startup_MKL25Z4.s 0x00000000   Number         0  startup_mkl25z4.o ABSOLUTE
    RTE\Device\MKL25Z128xxx4\system_MKL25Z4.c 0x00000000   Number         0  system_mkl25z4.o ABSOLUTE
    RTE\\Device\\MKL25Z128xxx4\\system_MKL25Z4.c 0x00000000   Number         0  system_mkl25z4.o ABSOLUTE
    dc.s                                     0x00000000   Number         0  dc.o ABSOLUTE
    handlers.s                               0x00000000   Number         0  handlers.o ABSOLUTE
    init.s                                   0x00000000   Number         0  init.o ABSOLUTE
    .ARM.Collect$$$$00000000                 0x000000c0   Section        0  entry.o(.ARM.Collect$$$$00000000)
    .ARM.Collect$$$$00000001                 0x000000c0   Section        4  entry2.o(.ARM.Collect$$$$00000001)
    .ARM.Collect$$$$00000004                 0x000000c4   Section        4  entry5.o(.ARM.Collect$$$$00000004)
    .ARM.Collect$$$$00000008                 0x000000c8   Section        0  entry7b.o(.ARM.Collect$$$$00000008)
    .ARM.Collect$$$$0000000A                 0x000000c8   Section        0  entry8b.o(.ARM.Collect$$$$0000000A)
    .ARM.Collect$$$$0000000B                 0x000000c8   Section        8  entry9a.o(.ARM.Collect$$$$0000000B)
    .ARM.Collect$$$$0000000D                 0x000000d0   Section        0  entry10a.o(.ARM.Collect$$$$0000000D)
    .ARM.Collect$$$$0000000F                 0x000000d0   Section        0  entry11a.o(.ARM.Collect$$$$0000000F)
    .ARM.Collect$$$$00002712                 0x000000d0   Section        4  entry2.o(.ARM.Collect$$$$00002712)
    __lit__00000000                          0x000000d0   Data           4  entry2.o(.ARM.Collect$$$$00002712)
    .text                                    0x000000d4   Section       40  startup_mkl25z4.o(.text)
    .text                                    0x000000fc   Section        0  uidiv.o(.text)
    .text                                    0x00000128   Section        0  dmul.o(.text)
    .text                                    0x000001f8   Section        0  dfltui.o(.text)
    .text                                    0x00000214   Section        0  dfixui.o(.text)
    .text                                    0x00000250   Section        0  llushr.o(.text)
    .text                                    0x00000272   Section        0  iusefp.o(.text)
    .text                                    0x00000272   Section        0  depilogue.o(.text)
    .text                                    0x00000330   Section       36  init.o(.text)
    .text                                    0x00000354   Section        0  llshl.o(.text)
    i.PORTD_IRQHandler                       0x00000374   Section        0  demo.o(i.PORTD_IRQHandler)
    i.SystemInit                             0x000003a0   Section        0  system_mkl25z4.o(i.SystemInit)
    i.__ARM_clz                              0x000003ac   Section        0  depilogue.o(i.__ARM_clz)
    i.__ARM_common_switch8                   0x000003da   Section        0  system_mkl25z4.o(i.__ARM_common_switch8)
    i.__scatterload_null                     0x000003f6   Section        2  handlers.o(i.__scatterload_null)
    .ARM.__at_0x400                          0x00000400   Section       16  startup_mkl25z4.o(.ARM.__at_0x400)
    i.SystemCoreClockUpdate                  0x00000410   Section        0  system_mkl25z4.o(i.SystemCoreClockUpdate)
    i.__NVIC_ClearPendingIRQ                 0x000005a0   Section        0  demo.o(i.__NVIC_ClearPendingIRQ)
    __NVIC_ClearPendingIRQ                   0x000005a1   Thumb Code    18  demo.o(i.__NVIC_ClearPendingIRQ)
    i.__NVIC_SetPriority                     0x000005b8   Section        0  demo.o(i.__NVIC_SetPriority)
    __NVIC_SetPriority                       0x000005b9   Thumb Code   110  demo.o(i.__NVIC_SetPriority)
    i.__scatterload_copy                     0x00000630   Section       14  handlers.o(i.__scatterload_copy)
    i.__scatterload_zeroinit                 0x0000063e   Section       14  handlers.o(i.__scatterload_zeroinit)
    i.initGPIO                               0x0000064c   Section        0  demo.o(i.initGPIO)
    i.initPWM                                0x000006d8   Section        0  demo.o(i.initPWM)
    i.initSwitch                             0x000007f8   Section        0  demo.o(i.initSwitch)
    i.main                                   0x00000860   Section        0  demo.o(i.main)
    i.motor_control                          0x00000898   Section        0  demo.o(i.motor_control)
    .data                                    0x1ffff000   Section        4  demo.o(.data)
    .data                                    0x1ffff004   Section        4  system_mkl25z4.o(.data)
    STACK                                    0x1ffff008   Section      256  startup_mkl25z4.o(STACK)

    Global Symbols

    Symbol Name                              Value     Ov Type        Size  Object(Section)

    BuildAttributes$$THM_ISAv3M$S$PE$A:L22$X:L11$S22$IEEE1$IW$USESV6$~STKCKD$USESV7$~SHL$OSPACE$ROPI$EBA8$MICROLIB$REQ8$PRES8$EABIv2 0x00000000   Number         0  anon$$obj.o ABSOLUTE
    __ARM_use_no_argv                        0x00000000   Number         0  demo.o ABSOLUTE
    __Vectors                                0x00000000   Data           4  startup_mkl25z4.o(RESET)
    __cpp_initialize__aeabi_                  - Undefined Weak Reference
    __cxa_finalize                            - Undefined Weak Reference
    __decompress                              - Undefined Weak Reference
    _clock_init                               - Undefined Weak Reference
    _microlib_exit                            - Undefined Weak Reference
    __Vectors_End                            0x000000c0   Data           0  startup_mkl25z4.o(RESET)
    __Vectors_Size                           0x000000c0   Number         0  startup_mkl25z4.o ABSOLUTE
    __main                                   0x000000c1   Thumb Code     0  entry.o(.ARM.Collect$$$$00000000)
    _main_stk                                0x000000c1   Thumb Code     0  entry2.o(.ARM.Collect$$$$00000001)
    _main_scatterload                        0x000000c5   Thumb Code     0  entry5.o(.ARM.Collect$$$$00000004)
    __main_after_scatterload                 0x000000c9   Thumb Code     0  entry5.o(.ARM.Collect$$$$00000004)
    _main_clock                              0x000000c9   Thumb Code     0  entry7b.o(.ARM.Collect$$$$00000008)
    _main_cpp_init                           0x000000c9   Thumb Code     0  entry8b.o(.ARM.Collect$$$$0000000A)
    _main_init                               0x000000c9   Thumb Code     0  entry9a.o(.ARM.Collect$$$$0000000B)
    __rt_final_cpp                           0x000000d1   Thumb Code     0  entry10a.o(.ARM.Collect$$$$0000000D)
    __rt_final_exit                          0x000000d1   Thumb Code     0  entry11a.o(.ARM.Collect$$$$0000000F)
    Reset_Handler                            0x000000d5   Thumb Code    12  startup_mkl25z4.o(.text)
    NMI_Handler                              0x000000e1   Thumb Code     2  startup_mkl25z4.o(.text)
    HardFault_Handler                        0x000000e3   Thumb Code     2  startup_mkl25z4.o(.text)
    SVC_Handler                              0x000000e5   Thumb Code     2  startup_mkl25z4.o(.text)
    PendSV_Handler                           0x000000e7   Thumb Code     2  startup_mkl25z4.o(.text)
    SysTick_Handler                          0x000000e9   Thumb Code     2  startup_mkl25z4.o(.text)
    ADC0_IRQHandler                          0x000000eb   Thumb Code     0  startup_mkl25z4.o(.text)
    CMP0_IRQHandler                          0x000000eb   Thumb Code     0  startup_mkl25z4.o(.text)
    DAC0_IRQHandler                          0x000000eb   Thumb Code     0  startup_mkl25z4.o(.text)
    DMA0_IRQHandler                          0x000000eb   Thumb Code     0  startup_mkl25z4.o(.text)
    DMA1_IRQHandler                          0x000000eb   Thumb Code     0  startup_mkl25z4.o(.text)
    DMA2_IRQHandler                          0x000000eb   Thumb Code     0  startup_mkl25z4.o(.text)
    DMA3_IRQHandler                          0x000000eb   Thumb Code     0  startup_mkl25z4.o(.text)
    DefaultISR                               0x000000eb   Thumb Code     0  startup_mkl25z4.o(.text)
    FTFA_IRQHandler                          0x000000eb   Thumb Code     0  startup_mkl25z4.o(.text)
    I2C0_IRQHandler                          0x000000eb   Thumb Code     0  startup_mkl25z4.o(.text)
    I2C1_IRQHandler                          0x000000eb   Thumb Code     0  startup_mkl25z4.o(.text)
    LLWU_IRQHandler                          0x000000eb   Thumb Code     0  startup_mkl25z4.o(.text)
    LPTMR0_IRQHandler                        0x000000eb   Thumb Code     0  startup_mkl25z4.o(.text)
    LVD_LVW_IRQHandler                       0x000000eb   Thumb Code     0  startup_mkl25z4.o(.text)
    MCG_IRQHandler                           0x000000eb   Thumb Code     0  startup_mkl25z4.o(.text)
    PIT_IRQHandler                           0x000000eb   Thumb Code     0  startup_mkl25z4.o(.text)
    PORTA_IRQHandler                         0x000000eb   Thumb Code     0  startup_mkl25z4.o(.text)
    RTC_IRQHandler                           0x000000eb   Thumb Code     0  startup_mkl25z4.o(.text)
    RTC_Seconds_IRQHandler                   0x000000eb   Thumb Code     0  startup_mkl25z4.o(.text)
    Reserved20_IRQHandler                    0x000000eb   Thumb Code     0  startup_mkl25z4.o(.text)
    Reserved39_IRQHandler                    0x000000eb   Thumb Code     0  startup_mkl25z4.o(.text)
    Reserved45_IRQHandler                    0x000000eb   Thumb Code     0  startup_mkl25z4.o(.text)
    SPI0_IRQHandler                          0x000000eb   Thumb Code     0  startup_mkl25z4.o(.text)
    SPI1_IRQHandler                          0x000000eb   Thumb Code     0  startup_mkl25z4.o(.text)
    TPM0_IRQHandler                          0x000000eb   Thumb Code     0  startup_mkl25z4.o(.text)
    TPM1_IRQHandler                          0x000000eb   Thumb Code     0  startup_mkl25z4.o(.text)
    TPM2_IRQHandler                          0x000000eb   Thumb Code     0  startup_mkl25z4.o(.text)
    TSI0_IRQHandler                          0x000000eb   Thumb Code     0  startup_mkl25z4.o(.text)
    UART0_IRQHandler                         0x000000eb   Thumb Code     0  startup_mkl25z4.o(.text)
    UART1_IRQHandler                         0x000000eb   Thumb Code     0  startup_mkl25z4.o(.text)
    UART2_IRQHandler                         0x000000eb   Thumb Code     0  startup_mkl25z4.o(.text)
    USB0_IRQHandler                          0x000000eb   Thumb Code     0  startup_mkl25z4.o(.text)
    __aeabi_uidiv                            0x000000fd   Thumb Code     0  uidiv.o(.text)
    __aeabi_uidivmod                         0x000000fd   Thumb Code    44  uidiv.o(.text)
    __aeabi_dmul                             0x00000129   Thumb Code   202  dmul.o(.text)
    __aeabi_ui2d                             0x000001f9   Thumb Code    24  dfltui.o(.text)
    __aeabi_d2uiz                            0x00000215   Thumb Code    50  dfixui.o(.text)
    __aeabi_llsr                             0x00000251   Thumb Code    34  llushr.o(.text)
    _ll_ushift_r                             0x00000251   Thumb Code     0  llushr.o(.text)
    __I$use$fp                               0x00000273   Thumb Code     0  iusefp.o(.text)
    _double_round                            0x00000273   Thumb Code    26  depilogue.o(.text)
    _double_epilogue                         0x0000028d   Thumb Code   164  depilogue.o(.text)
    __scatterload                            0x00000331   Thumb Code    28  init.o(.text)
    __scatterload_rt2                        0x00000331   Thumb Code     0  init.o(.text)
    __aeabi_llsl                             0x00000355   Thumb Code    32  llshl.o(.text)
    _ll_shift_l                              0x00000355   Thumb Code     0  llshl.o(.text)
    PORTD_IRQHandler                         0x00000375   Thumb Code    34  demo.o(i.PORTD_IRQHandler)
    SystemInit                               0x000003a1   Thumb Code     8  system_mkl25z4.o(i.SystemInit)
    __ARM_clz                                0x000003ad   Thumb Code    46  depilogue.o(i.__ARM_clz)
    __ARM_common_switch8                     0x000003db   Thumb Code    28  system_mkl25z4.o(i.__ARM_common_switch8)
    __scatterload_null                       0x000003f7   Thumb Code     2  handlers.o(i.__scatterload_null)
    SystemCoreClockUpdate                    0x00000411   Thumb Code   372  system_mkl25z4.o(i.SystemCoreClockUpdate)
    __scatterload_copy                       0x00000631   Thumb Code    14  handlers.o(i.__scatterload_copy)
    __scatterload_zeroinit                   0x0000063f   Thumb Code    14  handlers.o(i.__scatterload_zeroinit)
    initGPIO                                 0x0000064d   Thumb Code   124  demo.o(i.initGPIO)
    initPWM                                  0x000006d9   Thumb Code   270  demo.o(i.initPWM)
    initSwitch                               0x000007f9   Thumb Code    84  demo.o(i.initSwitch)
    main                                     0x00000861   Thumb Code    42  demo.o(i.main)
    motor_control                            0x00000899   Thumb Code    80  demo.o(i.motor_control)
    Region$$Table$$Base                      0x000008f0   Number         0  anon$$obj.o(Region$$Table)
    Region$$Table$$Limit                     0x00000910   Number         0  anon$$obj.o(Region$$Table)
    on_off                                   0x1ffff000   Data           4  demo.o(.data)
    SystemCoreClock                          0x1ffff004   Data           4  system_mkl25z4.o(.data)
    __initial_sp                             0x1ffff108   Data           0  startup_mkl25z4.o(STACK)



==============================================================================

Memory Map of the image

  Image Entry point : 0x000000d5

  Load Region LR_1 (Base: 0x00000000, Size: 0x00000918, Max: 0xffffffff, ABSOLUTE)

    Execution Region ER_RO (Exec base: 0x00000000, Load base: 0x00000000, Size: 0x00000910, Max: 0xffffffff, ABSOLUTE)

    Exec Addr    Load Addr    Size         Type   Attr      Idx    E Section Name        Object

    0x00000000   0x00000000   0x000000c0   Data   RO          100    RESET               startup_mkl25z4.o
    0x000000c0   0x000000c0   0x00000000   Code   RO          145  * .ARM.Collect$$$$00000000  mc_p.l(entry.o)
    0x000000c0   0x000000c0   0x00000004   Code   RO          156    .ARM.Collect$$$$00000001  mc_p.l(entry2.o)
    0x000000c4   0x000000c4   0x00000004   Code   RO          159    .ARM.Collect$$$$00000004  mc_p.l(entry5.o)
    0x000000c8   0x000000c8   0x00000000   Code   RO          161    .ARM.Collect$$$$00000008  mc_p.l(entry7b.o)
    0x000000c8   0x000000c8   0x00000000   Code   RO          163    .ARM.Collect$$$$0000000A  mc_p.l(entry8b.o)
    0x000000c8   0x000000c8   0x00000008   Code   RO          164    .ARM.Collect$$$$0000000B  mc_p.l(entry9a.o)
    0x000000d0   0x000000d0   0x00000000   Code   RO          166    .ARM.Collect$$$$0000000D  mc_p.l(entry10a.o)
    0x000000d0   0x000000d0   0x00000000   Code   RO          168    .ARM.Collect$$$$0000000F  mc_p.l(entry11a.o)
    0x000000d0   0x000000d0   0x00000004   Code   RO          157    .ARM.Collect$$$$00002712  mc_p.l(entry2.o)
    0x000000d4   0x000000d4   0x00000028   Code   RO          102  * .text               startup_mkl25z4.o
    0x000000fc   0x000000fc   0x0000002c   Code   RO          148    .text               mc_p.l(uidiv.o)
    0x00000128   0x00000128   0x000000d0   Code   RO          150    .text               mf_p.l(dmul.o)
    0x000001f8   0x000001f8   0x0000001c   Code   RO          152    .text               mf_p.l(dfltui.o)
    0x00000214   0x00000214   0x0000003c   Code   RO          154    .text               mf_p.l(dfixui.o)
    0x00000250   0x00000250   0x00000022   Code   RO          170    .text               mc_p.l(llushr.o)
    0x00000272   0x00000272   0x00000000   Code   RO          172    .text               mc_p.l(iusefp.o)
    0x00000272   0x00000272   0x000000be   Code   RO          173    .text               mf_p.l(depilogue.o)
    0x00000330   0x00000330   0x00000024   Code   RO          177    .text               mc_p.l(init.o)
    0x00000354   0x00000354   0x00000020   Code   RO          179    .text               mc_p.l(llshl.o)
    0x00000374   0x00000374   0x0000002c   Code   RO            3    i.PORTD_IRQHandler  demo.o
    0x000003a0   0x000003a0   0x0000000c   Code   RO          111    i.SystemInit        system_mkl25z4.o
    0x000003ac   0x000003ac   0x0000002e   Code   RO          175    i.__ARM_clz         mf_p.l(depilogue.o)
    0x000003da   0x000003da   0x0000001c   Code   RO          134    i.__ARM_common_switch8  system_mkl25z4.o
    0x000003f6   0x000003f6   0x00000002   Code   RO          184    i.__scatterload_null  mc_p.l(handlers.o)
    0x000003f8   0x000003f8   0x00000008   PAD
    0x00000400   0x00000400   0x00000010   Code   RO          101    .ARM.__at_0x400     startup_mkl25z4.o
    0x00000410   0x00000410   0x00000190   Code   RO          110    i.SystemCoreClockUpdate  system_mkl25z4.o
    0x000005a0   0x000005a0   0x00000018   Code   RO            4    i.__NVIC_ClearPendingIRQ  demo.o
    0x000005b8   0x000005b8   0x00000078   Code   RO            5    i.__NVIC_SetPriority  demo.o
    0x00000630   0x00000630   0x0000000e   Code   RO          183    i.__scatterload_copy  mc_p.l(handlers.o)
    0x0000063e   0x0000063e   0x0000000e   Code   RO          185    i.__scatterload_zeroinit  mc_p.l(handlers.o)
    0x0000064c   0x0000064c   0x0000008c   Code   RO            7    i.initGPIO          demo.o
    0x000006d8   0x000006d8   0x00000120   Code   RO            8    i.initPWM           demo.o
    0x000007f8   0x000007f8   0x00000068   Code   RO            9    i.initSwitch        demo.o
    0x00000860   0x00000860   0x00000038   Code   RO           10    i.main              demo.o
    0x00000898   0x00000898   0x00000058   Code   RO           11    i.motor_control     demo.o
    0x000008f0   0x000008f0   0x00000020   Data   RO          181    Region$$Table       anon$$obj.o


    Execution Region ER_RW (Exec base: 0x1ffff000, Load base: 0x00000910, Size: 0x00000008, Max: 0xffffffff, ABSOLUTE)

    Exec Addr    Load Addr    Size         Type   Attr      Idx    E Section Name        Object

    0x1ffff000   0x00000910   0x00000004   Data   RW           12    .data               demo.o
    0x1ffff004   0x00000914   0x00000004   Data   RW          112    .data               system_mkl25z4.o


    Execution Region ER_ZI (Exec base: 0x1ffff008, Load base: 0x00000918, Size: 0x00000100, Max: 0xffffffff, ABSOLUTE)

    Exec Addr    Load Addr    Size         Type   Attr      Idx    E Section Name        Object

    0x1ffff008        -       0x00000100   Zero   RW           98    STACK               startup_mkl25z4.o


==============================================================================

Image component sizes


      Code (inc. data)   RO Data    RW Data    ZI Data      Debug   Object Name

       864        102          0          4          0     227997   demo.o
        56         30        192          0        256        860   startup_mkl25z4.o
       440         42          0          4          0       1579   system_mkl25z4.o

    ----------------------------------------------------------------------
      1360        174        224          8        256     230436   Object Totals
         0          0         32          0          0          0   (incl. Generated)
         0          0          0          0          0          0   (incl. Padding)

    ----------------------------------------------------------------------

      Code (inc. data)   RO Data    RW Data    ZI Data      Debug   Library Member Name

         0          0          0          0          0          0   entry.o
         0          0          0          0          0          0   entry10a.o
         0          0          0          0          0          0   entry11a.o
         8          4          0          0          0          0   entry2.o
         4          0          0          0          0          0   entry5.o
         0          0          0          0          0          0   entry7b.o
         0          0          0          0          0          0   entry8b.o
         8          4          0          0          0          0   entry9a.o
        30          0          0          0          0          0   handlers.o
        36          8          0          0          0         68   init.o
         0          0          0          0          0          0   iusefp.o
        32          0          0          0          0         68   llshl.o
        34          0          0          0          0         68   llushr.o
        44          0          0          0          0         72   uidiv.o
       236          0          0          0          0        216   depilogue.o
        60         10          0          0          0         68   dfixui.o
        28          4          0          0          0         68   dfltui.o
       208          6          0          0          0         88   dmul.o

    ----------------------------------------------------------------------
       736         36          0          0          0        716   Library Totals
         8          0          0          0          0          0   (incl. Padding)

    ----------------------------------------------------------------------

      Code (inc. data)   RO Data    RW Data    ZI Data      Debug   Library Name

       196         16          0          0          0        276   mc_p.l
       532         20          0          0          0        440   mf_p.l

    ----------------------------------------------------------------------
       736         36          0          0          0        716   Library Totals

    ----------------------------------------------------------------------

==============================================================================


      Code (inc. data)   RO Data    RW Data    ZI Data      Debug   

      2096        210        224          8        256     230600   Grand Totals
      2096        210        224          8        256     230600   ELF Image Totals
      2096        210        224          8          0          0   ROM Totals

==============================================================================

    Total RO  Size (Code + RO Data)                 2320 (   2.27kB)
    Total RW  Size (RW Data + ZI Data)               264 (   0.26kB)
    Total ROM Size (Code + RO Data + RW Data)       2328 (   2.27kB)

==============================================================================

